// Jest Snapshot v1, https://goo.gl/fbAQLP

exports[`renders correctly 1`] = `
<div>
  <nav
    class="sc-bdVaJa jKGWHd"
  >
    <div
      class="sc-bwzfXH eRJmGz"
    >
      <a
        href="/"
        style="text-decoration: none; display: flex; align-items: center;"
      >
        <div
          class=" gatsby-image-wrapper"
          style="position: relative; overflow: hidden; width: 2rem; margin-right: 0.5rem;"
        >
          <div
            style="width: 100%; padding-bottom: 50%;"
          />
          <picture>
            <img
              alt=""
              sizes=""
              src=""
              srcset=""
              style="position: absolute; top: 0px; left: 0px; width: 100%; height: 100%; object-fit: cover; object-position: center; opacity: 0; transition: opacity 0.5s;"
            />
          </picture>
          <noscript>
            &lt;picture&gt;&lt;img src="" alt="" style="position:absolute;top:0;left:0;transition:opacity 0.5s;transition-delay:0.5s;opacity:1;width:100%;height:100%;object-fit:cover;object-position:center"/&gt;&lt;/picture&gt;
          </noscript>
        </div>
        <div
          class="sc-htpNat dJKuSC"
          data-testid="navigation-text-logo"
        >
          sprous
        </div>
      </a>
    </div>
    <div
      class="sc-EHOje kwwer"
    >
      <div
        class="sc-bZQynM fcrezd"
      />
      <a
        class="sc-gzVnrw dHCLGK"
        data-testid="navigation-bts-link"
        href="https://github.com/vantezzen/sprous"
      >
        Back to GitHub
      </a>
    </div>
  </nav>
  <div
    class="sc-jzJRlG UyfDp"
    data-testid="layout-content-outer-container"
  >
    <div
      class="sc-cSHVUG hqUmlR"
      data-testid="layout-content-inner-container"
    >
      <input
        class="sc-kAzzGY fCPUBj"
        data-testid="layout-search-field"
        placeholder="What can I help you with?"
        type="text"
        value=""
      />
      <main>
        <div
          data-testid="layout-content"
        />
      </main>
    </div>
  </div>
</div>
`;

exports[`switches to search results 1`] = `
"Snapshot Diff:
- First value
+ Second value

@@ -63,15 +63,18 @@
        <input
          class=\\"sc-kAzzGY fCPUBj\\"
          data-testid=\\"layout-search-field\\"
          placeholder=\\"What can I help you with?\\"
          type=\\"text\\"
-         value=\\"\\"
+         value=\\"b\\"
        />
        <main>
          <div
-           data-testid=\\"layout-content\\"
-         />
+           data-testid=\\"search-container\\"
+           style=\\"margin-top: 2.5rem;\\"
+         >
+           Found 0 items
+         </div>
        </main>
      </div>
    </div>
  </DocumentFragment>"
`;
