// Jest Snapshot v1, https://goo.gl/fbAQLP

exports[`renders correctly 1`] = `
<div>
  <div
    class=" gatsby-image-wrapper"
    style="position: relative; overflow: hidden; width: 10px;"
  >
    <div
      style="width: 100%; padding-bottom: 50%;"
    />
    <picture>
      <img
        alt=""
        sizes=""
        src=""
        srcset=""
        style="position: absolute; top: 0px; left: 0px; width: 100%; height: 100%; object-fit: cover; object-position: center; opacity: 0; transition: opacity 0.5s;"
      />
    </picture>
    <noscript>
      &lt;picture&gt;&lt;img src="" alt="" style="position:absolute;top:0;left:0;transition:opacity 0.5s;transition-delay:0.5s;opacity:1;width:100%;height:100%;object-fit:cover;object-position:center"/&gt;&lt;/picture&gt;
    </noscript>
  </div>
</div>
`;
